2025-09-17 00:58:53.640 INFO   Freerouting v2.1.2-SNAPSHOT (build-date: 2025-09-17)
2025-09-17 00:58:53.796 WARN   No default constructor found for field: currentLocale
2025-09-17 00:58:53.798 INFO   Settings were loaded from freerouting.json
2025-09-17 00:58:53.810 WARN   Couldn't get screen resolution. If you are running in a headless environment, disable the GUI by setting gui.enabled to false.
2025-09-17 00:58:55.308 INFO   New version available: v2.1.0
2025-09-17 00:58:56.099 INFO   [9A4DA0\A3D19C] Job '9A4DA0\A3D19C' started at 2025-09-17T00:58:56.099314355Z
2025-09-17 00:59:21.653 INFO   [9A4DA0\A3D19C] Auto-router pass #1 on board 'ca4c138cf062ff1179984b0c47004860' was completed in 25.19 seconds with the score of 948.55 (28 unrouted), using 308.08 CPU seconds and 7264 MB memory.
2025-09-17 00:59:26.251 INFO   [9A4DA0\A3D19C] Auto-router pass #2 on board '9408ee398fe46ea41d035051f6e80b69' was completed in 4.54 seconds with the score of 970.77 (12 unrouted), using 442.72 CPU seconds and 9385 MB memory.
2025-09-17 00:59:28.156 INFO   [9A4DA0\A3D19C] Auto-router pass #3 on board '596bfd76fc2c3ace0dc0e1e6760bb432' was completed in 1.86 seconds with the score of 976.75 (8 unrouted), using 472.57 CPU seconds and 9800 MB memory.
2025-09-17 00:59:31.166 INFO   [9A4DA0\A3D19C] Auto-router pass #4 on board '0834402e913ff18bc3041cffc9df75be' was completed in 2.94 seconds with the score of 987.11, using 567.87 CPU seconds and 11047 MB memory.
2025-09-17 00:59:31.230 INFO   [9A4DA0\A3D19C] Auto-router pass #5 on board '0d748858d744ff3955afdf008a3c5625' was completed in 0.02 seconds with the score of 987.11, using 601.55 CPU seconds and 11477 MB memory.
{
  "host": "KiCad's Pcbnew,7.0.5-0",
  "unit": "mm",
  "board": {
    "bounding_box": {
      "x": 1855.7,
      "y": 775.756,
      "width": -345.493,
      "height": -1176.17
    },
    "size": {
      "x": 0.0,
      "y": 0.0,
      "width": 2201.193,
      "height": 1951.926
    }
  },
  "layers": {
    "total_count": 2,
    "signal_count": 2
  },
  "items": {
    "total_count": 2739,
    "trace_count": 408,
    "via_count": 4,
    "conduction_area_count": 0,
    "drill_item_count": 362,
    "pin_count": 0,
    "component_count": 1518,
    "other_count": 447
  },
  "components": {
    "total_count": 68
  },
  "pads": {
    "total_count": 362
  },
  "nets": {
    "total_count": 45,
    "class_count": 2
  },
  "connections": {
    "maximum_count": 729,
    "incomplete_count": 0
  },
  "traces": {
    "total_count": 408,
    "total_segment_count": 985,
    "total_length": 31624.396,
    "total_weighted_length": 1.0095568E8,
    "average_length": 77.51077,
    "total_vertical_length": 5523.953,
    "total_horizontal_length": 9316.807,
    "total_angled_length": 12719.225
  },
  "bends": {
    "total_count": 577,
    "90_degree_count": 10,
    "45_degree_count": 567,
    "other_angle_count": 0
  },
  "vias": {
    "total_count": 4,
    "through_hole_count": 4,
    "blind_count": 0,
    "buried_count": 0
  },
  "clearance_violations": {
    "total_count": 0
  }
}
